<?php return array (
  0 => 'Symfony\\Bundle\\FrameworkBundle\\Controller\\AbstractController',
  1 => 'Doctrine\\Bundle\\DoctrineBundle\\Controller\\ProfilerController',
  2 => 'Doctrine\\ORM\\Cache\\Persister\\Entity\\AbstractEntityPersister',
  3 => 'Doctrine\\ORM\\Cache\\Persister\\Entity\\CachedEntityPersister',
  4 => 'Doctrine\\ORM\\Cache\\Persister\\Entity\\NonStrictReadWriteCachedEntityPersister',
  5 => 'Doctrine\\ORM\\Cache\\Persister\\Entity\\ReadOnlyCachedEntityPersister',
  6 => 'Doctrine\\ORM\\Cache\\Persister\\Entity\\ReadWriteCachedEntityPersister',
  7 => 'Doctrine\\ORM\\Persisters\\Entity\\AbstractEntityInheritancePersister',
  8 => 'Doctrine\\ORM\\Persisters\\Entity\\BasicEntityPersister',
  9 => 'Doctrine\\ORM\\Persisters\\Entity\\CachedPersisterContext',
  10 => 'Doctrine\\ORM\\Persisters\\Entity\\EntityPersister',
  11 => 'Doctrine\\ORM\\Persisters\\Entity\\JoinedSubclassPersister',
  12 => 'Doctrine\\ORM\\Persisters\\Entity\\SingleTablePersister',
  13 => 'EasyCorp\\Bundle\\EasyAdminBundle\\Contracts\\Controller\\CrudControllerInterface',
  14 => 'EasyCorp\\Bundle\\EasyAdminBundle\\Contracts\\Controller\\DashboardControllerInterface',
  15 => 'EasyCorp\\Bundle\\EasyAdminBundle\\Controller\\AbstractCrudController',
  16 => 'EasyCorp\\Bundle\\EasyAdminBundle\\Controller\\AbstractDashboardController',
  18 => 'Symfony\\Bundle\\FrameworkBundle\\Controller\\ControllerResolver',
  19 => 'Symfony\\Bundle\\FrameworkBundle\\Controller\\RedirectController',
  20 => 'Symfony\\Bundle\\FrameworkBundle\\Controller\\TemplateController',
  21 => 'Symfony\\Bundle\\WebProfilerBundle\\Controller\\ExceptionPanelController',
  22 => 'Symfony\\Bundle\\WebProfilerBundle\\Controller\\ProfilerController',
  23 => 'Symfony\\Bundle\\WebProfilerBundle\\Controller\\RouterController',
  24 => 'Symfony\\Component\\HttpKernel\\Controller\\ArgumentResolver',
  25 => 'Symfony\\Component\\HttpKernel\\Controller\\ArgumentResolverInterface',
  26 => 'Symfony\\Component\\HttpKernel\\Controller\\ArgumentResolver\\BackedEnumValueResolver',
  27 => 'Symfony\\Component\\HttpKernel\\Controller\\ArgumentResolver\\DateTimeValueResolver',
  28 => 'Symfony\\Component\\HttpKernel\\Controller\\ArgumentResolver\\DefaultValueResolver',
  29 => 'Symfony\\Component\\HttpKernel\\Controller\\ArgumentResolver\\NotTaggedControllerValueResolver',
  30 => 'Symfony\\Component\\HttpKernel\\Controller\\ArgumentResolver\\RequestAttributeValueResolver',
  31 => 'Symfony\\Component\\HttpKernel\\Controller\\ArgumentResolver\\RequestValueResolver',
  32 => 'Symfony\\Component\\HttpKernel\\Controller\\ArgumentResolver\\ServiceValueResolver',
  33 => 'Symfony\\Component\\HttpKernel\\Controller\\ArgumentResolver\\SessionValueResolver',
  34 => 'Symfony\\Component\\HttpKernel\\Controller\\ArgumentResolver\\TraceableValueResolver',
  35 => 'Symfony\\Component\\HttpKernel\\Controller\\ArgumentResolver\\UidValueResolver',
  36 => 'Symfony\\Component\\HttpKernel\\Controller\\ArgumentResolver\\VariadicValueResolver',
  37 => 'Symfony\\Component\\HttpKernel\\Controller\\ArgumentValueResolverInterface',
  38 => 'Symfony\\Component\\HttpKernel\\Controller\\ContainerControllerResolver',
  39 => 'Symfony\\Component\\HttpKernel\\Controller\\ControllerReference',
  40 => 'Symfony\\Component\\HttpKernel\\Controller\\ControllerResolver',
  41 => 'Symfony\\Component\\HttpKernel\\Controller\\ControllerResolverInterface',
  42 => 'Symfony\\Component\\HttpKernel\\Controller\\ErrorController',
  43 => 'Symfony\\Component\\HttpKernel\\Controller\\TraceableArgumentResolver',
  44 => 'Symfony\\Component\\HttpKernel\\Controller\\TraceableControllerResolver',
  45 => 'Symfony\\Component\\Security\\Http\\Controller\\UserValueResolver',
);